EEE.........EEEEE....
======================================================================
ERROR: test_async_client (unittest.loader._FailedTest.test_async_client)
----------------------------------------------------------------------
ImportError: Failed to import test module: test_async_client
Traceback (most recent call last):
  File "/usr/lib/python3.12/unittest/loader.py", line 394, in _find_test_path
    module = self._get_module_from_name(name)
             ^^^^^^^^^^^^^^^^^^^^^^^^^^^^^^^^
  File "/usr/lib/python3.12/unittest/loader.py", line 337, in _get_module_from_name
    __import__(name)
  File "/home/lightning/eventyay-python-sdk/tests/test_async_client.py", line 3, in <module>
    from eventyay.async_client import AsyncEventyayClient
  File "/home/lightning/eventyay-python-sdk/eventyay/__init__.py", line 12, in <module>
    from .async_client import AsyncEventyayClient
  File "/home/lightning/eventyay-python-sdk/eventyay/async_client.py", line 10, in <module>
    from .async_mixins import (
  File "/home/lightning/eventyay-python-sdk/eventyay/async_mixins.py", line 335, in <module>
    class AsyncSpeakersMixin:
  File "/home/lightning/eventyay-python-sdk/eventyay/async_mixins.py", line 338, in AsyncSpeakersMixin
    async def get_speaker(self, event_identifier: str, speaker_id: str) -> Speaker:
                                                                           ^^^^^^^
NameError: name 'Speaker' is not defined


======================================================================
ERROR: test_get_attendee (test_attendees.TestAttendeesAPI.test_get_attendee)
----------------------------------------------------------------------
Traceback (most recent call last):
  File "/usr/lib/python3.12/unittest/mock.py", line 1387, in patched
    with self.decoration_helper(patched,
  File "/usr/lib/python3.12/contextlib.py", line 137, in __enter__
    return next(self.gen)
           ^^^^^^^^^^^^^^
  File "/usr/lib/python3.12/unittest/mock.py", line 1369, in decoration_helper
    arg = exit_stack.enter_context(patching)
          ^^^^^^^^^^^^^^^^^^^^^^^^^^^^^^^^^^
  File "/usr/lib/python3.12/contextlib.py", line 526, in enter_context
    result = _enter(cm)
             ^^^^^^^^^^
  File "/usr/lib/python3.12/unittest/mock.py", line 1442, in __enter__
    self.target = self.getter()
                  ^^^^^^^^^^^^^
  File "/usr/lib/python3.12/pkgutil.py", line 513, in resolve_name
    mod = importlib.import_module(modname)
          ^^^^^^^^^^^^^^^^^^^^^^^^^^^^^^^^
  File "/usr/lib/python3.12/importlib/__init__.py", line 90, in import_module
    return _bootstrap._gcd_import(name[level:], package, level)
           ^^^^^^^^^^^^^^^^^^^^^^^^^^^^^^^^^^^^^^^^^^^^^^^^^^^^
  File "<frozen importlib._bootstrap>", line 1387, in _gcd_import
  File "<frozen importlib._bootstrap>", line 1360, in _find_and_load
  File "<frozen importlib._bootstrap>", line 1331, in _find_and_load_unlocked
  File "<frozen importlib._bootstrap>", line 935, in _load_unlocked
  File "<frozen importlib._bootstrap_external>", line 995, in exec_module
  File "<frozen importlib._bootstrap>", line 488, in _call_with_frames_removed
  File "/home/lightning/eventyay-python-sdk/eventyay/__init__.py", line 12, in <module>
    from .async_client import AsyncEventyayClient
  File "/home/lightning/eventyay-python-sdk/eventyay/async_client.py", line 10, in <module>
    from .async_mixins import (
  File "/home/lightning/eventyay-python-sdk/eventyay/async_mixins.py", line 335, in <module>
    class AsyncSpeakersMixin:
  File "/home/lightning/eventyay-python-sdk/eventyay/async_mixins.py", line 338, in AsyncSpeakersMixin
    async def get_speaker(self, event_identifier: str, speaker_id: str) -> Speaker:
                                                                           ^^^^^^^
NameError: name 'Speaker' is not defined

======================================================================
ERROR: test_get_event_attendees (test_attendees.TestAttendeesAPI.test_get_event_attendees)
----------------------------------------------------------------------
Traceback (most recent call last):
  File "/usr/lib/python3.12/unittest/mock.py", line 1387, in patched
    with self.decoration_helper(patched,
  File "/usr/lib/python3.12/contextlib.py", line 137, in __enter__
    return next(self.gen)
           ^^^^^^^^^^^^^^
  File "/usr/lib/python3.12/unittest/mock.py", line 1369, in decoration_helper
    arg = exit_stack.enter_context(patching)
          ^^^^^^^^^^^^^^^^^^^^^^^^^^^^^^^^^^
  File "/usr/lib/python3.12/contextlib.py", line 526, in enter_context
    result = _enter(cm)
             ^^^^^^^^^^
  File "/usr/lib/python3.12/unittest/mock.py", line 1442, in __enter__
    self.target = self.getter()
                  ^^^^^^^^^^^^^
  File "/usr/lib/python3.12/pkgutil.py", line 513, in resolve_name
    mod = importlib.import_module(modname)
          ^^^^^^^^^^^^^^^^^^^^^^^^^^^^^^^^
  File "/usr/lib/python3.12/importlib/__init__.py", line 90, in import_module
    return _bootstrap._gcd_import(name[level:], package, level)
           ^^^^^^^^^^^^^^^^^^^^^^^^^^^^^^^^^^^^^^^^^^^^^^^^^^^^
  File "<frozen importlib._bootstrap>", line 1387, in _gcd_import
  File "<frozen importlib._bootstrap>", line 1360, in _find_and_load
  File "<frozen importlib._bootstrap>", line 1331, in _find_and_load_unlocked
  File "<frozen importlib._bootstrap>", line 935, in _load_unlocked
  File "<frozen importlib._bootstrap_external>", line 995, in exec_module
  File "<frozen importlib._bootstrap>", line 488, in _call_with_frames_removed
  File "/home/lightning/eventyay-python-sdk/eventyay/__init__.py", line 12, in <module>
    from .async_client import AsyncEventyayClient
  File "/home/lightning/eventyay-python-sdk/eventyay/async_client.py", line 10, in <module>
    from .async_mixins import (
  File "/home/lightning/eventyay-python-sdk/eventyay/async_mixins.py", line 335, in <module>
    class AsyncSpeakersMixin:
  File "/home/lightning/eventyay-python-sdk/eventyay/async_mixins.py", line 338, in AsyncSpeakersMixin
    async def get_speaker(self, event_identifier: str, speaker_id: str) -> Speaker:
                                                                           ^^^^^^^
NameError: name 'Speaker' is not defined

======================================================================
ERROR: test_get_all_organizers_pagination (test_pagination.TestPagination.test_get_all_organizers_pagination)
----------------------------------------------------------------------
Traceback (most recent call last):
  File "/usr/lib/python3.12/unittest/mock.py", line 1387, in patched
    with self.decoration_helper(patched,
  File "/usr/lib/python3.12/contextlib.py", line 137, in __enter__
    return next(self.gen)
           ^^^^^^^^^^^^^^
  File "/usr/lib/python3.12/unittest/mock.py", line 1369, in decoration_helper
    arg = exit_stack.enter_context(patching)
          ^^^^^^^^^^^^^^^^^^^^^^^^^^^^^^^^^^
  File "/usr/lib/python3.12/contextlib.py", line 526, in enter_context
    result = _enter(cm)
             ^^^^^^^^^^
  File "/usr/lib/python3.12/unittest/mock.py", line 1442, in __enter__
    self.target = self.getter()
                  ^^^^^^^^^^^^^
  File "/usr/lib/python3.12/pkgutil.py", line 513, in resolve_name
    mod = importlib.import_module(modname)
          ^^^^^^^^^^^^^^^^^^^^^^^^^^^^^^^^
  File "/usr/lib/python3.12/importlib/__init__.py", line 90, in import_module
    return _bootstrap._gcd_import(name[level:], package, level)
           ^^^^^^^^^^^^^^^^^^^^^^^^^^^^^^^^^^^^^^^^^^^^^^^^^^^^
  File "<frozen importlib._bootstrap>", line 1387, in _gcd_import
  File "<frozen importlib._bootstrap>", line 1360, in _find_and_load
  File "<frozen importlib._bootstrap>", line 1331, in _find_and_load_unlocked
  File "<frozen importlib._bootstrap>", line 935, in _load_unlocked
  File "<frozen importlib._bootstrap_external>", line 995, in exec_module
  File "<frozen importlib._bootstrap>", line 488, in _call_with_frames_removed
  File "/home/lightning/eventyay-python-sdk/eventyay/__init__.py", line 12, in <module>
    from .async_client import AsyncEventyayClient
  File "/home/lightning/eventyay-python-sdk/eventyay/async_client.py", line 10, in <module>
    from .async_mixins import (
  File "/home/lightning/eventyay-python-sdk/eventyay/async_mixins.py", line 335, in <module>
    class AsyncSpeakersMixin:
  File "/home/lightning/eventyay-python-sdk/eventyay/async_mixins.py", line 338, in AsyncSpeakersMixin
    async def get_speaker(self, event_identifier: str, speaker_id: str) -> Speaker:
                                                                           ^^^^^^^
NameError: name 'Speaker' is not defined

======================================================================
ERROR: test_get_session (test_sessions.TestSessionsAPI.test_get_session)
----------------------------------------------------------------------
Traceback (most recent call last):
  File "/usr/lib/python3.12/unittest/mock.py", line 1387, in patched
    with self.decoration_helper(patched,
  File "/usr/lib/python3.12/contextlib.py", line 137, in __enter__
    return next(self.gen)
           ^^^^^^^^^^^^^^
  File "/usr/lib/python3.12/unittest/mock.py", line 1369, in decoration_helper
    arg = exit_stack.enter_context(patching)
          ^^^^^^^^^^^^^^^^^^^^^^^^^^^^^^^^^^
  File "/usr/lib/python3.12/contextlib.py", line 526, in enter_context
    result = _enter(cm)
             ^^^^^^^^^^
  File "/usr/lib/python3.12/unittest/mock.py", line 1442, in __enter__
    self.target = self.getter()
                  ^^^^^^^^^^^^^
  File "/usr/lib/python3.12/pkgutil.py", line 513, in resolve_name
    mod = importlib.import_module(modname)
          ^^^^^^^^^^^^^^^^^^^^^^^^^^^^^^^^
  File "/usr/lib/python3.12/importlib/__init__.py", line 90, in import_module
    return _bootstrap._gcd_import(name[level:], package, level)
           ^^^^^^^^^^^^^^^^^^^^^^^^^^^^^^^^^^^^^^^^^^^^^^^^^^^^
  File "<frozen importlib._bootstrap>", line 1387, in _gcd_import
  File "<frozen importlib._bootstrap>", line 1360, in _find_and_load
  File "<frozen importlib._bootstrap>", line 1331, in _find_and_load_unlocked
  File "<frozen importlib._bootstrap>", line 935, in _load_unlocked
  File "<frozen importlib._bootstrap_external>", line 995, in exec_module
  File "<frozen importlib._bootstrap>", line 488, in _call_with_frames_removed
  File "/home/lightning/eventyay-python-sdk/eventyay/__init__.py", line 12, in <module>
    from .async_client import AsyncEventyayClient
  File "/home/lightning/eventyay-python-sdk/eventyay/async_client.py", line 10, in <module>
    from .async_mixins import (
  File "/home/lightning/eventyay-python-sdk/eventyay/async_mixins.py", line 335, in <module>
    class AsyncSpeakersMixin:
  File "/home/lightning/eventyay-python-sdk/eventyay/async_mixins.py", line 338, in AsyncSpeakersMixin
    async def get_speaker(self, event_identifier: str, speaker_id: str) -> Speaker:
                                                                           ^^^^^^^
NameError: name 'Speaker' is not defined

======================================================================
ERROR: test_get_speaker (test_speakers.TestSpeakersAPI.test_get_speaker)
----------------------------------------------------------------------
Traceback (most recent call last):
  File "/usr/lib/python3.12/unittest/mock.py", line 1387, in patched
    with self.decoration_helper(patched,
  File "/usr/lib/python3.12/contextlib.py", line 137, in __enter__
    return next(self.gen)
           ^^^^^^^^^^^^^^
  File "/usr/lib/python3.12/unittest/mock.py", line 1369, in decoration_helper
    arg = exit_stack.enter_context(patching)
          ^^^^^^^^^^^^^^^^^^^^^^^^^^^^^^^^^^
  File "/usr/lib/python3.12/contextlib.py", line 526, in enter_context
    result = _enter(cm)
             ^^^^^^^^^^
  File "/usr/lib/python3.12/unittest/mock.py", line 1442, in __enter__
    self.target = self.getter()
                  ^^^^^^^^^^^^^
  File "/usr/lib/python3.12/pkgutil.py", line 513, in resolve_name
    mod = importlib.import_module(modname)
          ^^^^^^^^^^^^^^^^^^^^^^^^^^^^^^^^
  File "/usr/lib/python3.12/importlib/__init__.py", line 90, in import_module
    return _bootstrap._gcd_import(name[level:], package, level)
           ^^^^^^^^^^^^^^^^^^^^^^^^^^^^^^^^^^^^^^^^^^^^^^^^^^^^
  File "<frozen importlib._bootstrap>", line 1387, in _gcd_import
  File "<frozen importlib._bootstrap>", line 1360, in _find_and_load
  File "<frozen importlib._bootstrap>", line 1331, in _find_and_load_unlocked
  File "<frozen importlib._bootstrap>", line 935, in _load_unlocked
  File "<frozen importlib._bootstrap_external>", line 995, in exec_module
  File "<frozen importlib._bootstrap>", line 488, in _call_with_frames_removed
  File "/home/lightning/eventyay-python-sdk/eventyay/__init__.py", line 12, in <module>
    from .async_client import AsyncEventyayClient
  File "/home/lightning/eventyay-python-sdk/eventyay/async_client.py", line 10, in <module>
    from .async_mixins import (
  File "/home/lightning/eventyay-python-sdk/eventyay/async_mixins.py", line 335, in <module>
    class AsyncSpeakersMixin:
  File "/home/lightning/eventyay-python-sdk/eventyay/async_mixins.py", line 338, in AsyncSpeakersMixin
    async def get_speaker(self, event_identifier: str, speaker_id: str) -> Speaker:
                                                                           ^^^^^^^
NameError: name 'Speaker' is not defined

======================================================================
ERROR: test_get_event_tickets (test_tickets.TestTicketsAPI.test_get_event_tickets)
----------------------------------------------------------------------
Traceback (most recent call last):
  File "/usr/lib/python3.12/unittest/mock.py", line 1387, in patched
    with self.decoration_helper(patched,
  File "/usr/lib/python3.12/contextlib.py", line 137, in __enter__
    return next(self.gen)
           ^^^^^^^^^^^^^^
  File "/usr/lib/python3.12/unittest/mock.py", line 1369, in decoration_helper
    arg = exit_stack.enter_context(patching)
          ^^^^^^^^^^^^^^^^^^^^^^^^^^^^^^^^^^
  File "/usr/lib/python3.12/contextlib.py", line 526, in enter_context
    result = _enter(cm)
             ^^^^^^^^^^
  File "/usr/lib/python3.12/unittest/mock.py", line 1442, in __enter__
    self.target = self.getter()
                  ^^^^^^^^^^^^^
  File "/usr/lib/python3.12/pkgutil.py", line 513, in resolve_name
    mod = importlib.import_module(modname)
          ^^^^^^^^^^^^^^^^^^^^^^^^^^^^^^^^
  File "/usr/lib/python3.12/importlib/__init__.py", line 90, in import_module
    return _bootstrap._gcd_import(name[level:], package, level)
           ^^^^^^^^^^^^^^^^^^^^^^^^^^^^^^^^^^^^^^^^^^^^^^^^^^^^
  File "<frozen importlib._bootstrap>", line 1387, in _gcd_import
  File "<frozen importlib._bootstrap>", line 1360, in _find_and_load
  File "<frozen importlib._bootstrap>", line 1331, in _find_and_load_unlocked
  File "<frozen importlib._bootstrap>", line 935, in _load_unlocked
  File "<frozen importlib._bootstrap_external>", line 995, in exec_module
  File "<frozen importlib._bootstrap>", line 488, in _call_with_frames_removed
  File "/home/lightning/eventyay-python-sdk/eventyay/__init__.py", line 12, in <module>
    from .async_client import AsyncEventyayClient
  File "/home/lightning/eventyay-python-sdk/eventyay/async_client.py", line 10, in <module>
    from .async_mixins import (
  File "/home/lightning/eventyay-python-sdk/eventyay/async_mixins.py", line 335, in <module>
    class AsyncSpeakersMixin:
  File "/home/lightning/eventyay-python-sdk/eventyay/async_mixins.py", line 338, in AsyncSpeakersMixin
    async def get_speaker(self, event_identifier: str, speaker_id: str) -> Speaker:
                                                                           ^^^^^^^
NameError: name 'Speaker' is not defined

======================================================================
ERROR: test_get_ticket (test_tickets.TestTicketsAPI.test_get_ticket)
----------------------------------------------------------------------
Traceback (most recent call last):
  File "/usr/lib/python3.12/unittest/mock.py", line 1387, in patched
    with self.decoration_helper(patched,
  File "/usr/lib/python3.12/contextlib.py", line 137, in __enter__
    return next(self.gen)
           ^^^^^^^^^^^^^^
  File "/usr/lib/python3.12/unittest/mock.py", line 1369, in decoration_helper
    arg = exit_stack.enter_context(patching)
          ^^^^^^^^^^^^^^^^^^^^^^^^^^^^^^^^^^
  File "/usr/lib/python3.12/contextlib.py", line 526, in enter_context
    result = _enter(cm)
             ^^^^^^^^^^
  File "/usr/lib/python3.12/unittest/mock.py", line 1442, in __enter__
    self.target = self.getter()
                  ^^^^^^^^^^^^^
  File "/usr/lib/python3.12/pkgutil.py", line 513, in resolve_name
    mod = importlib.import_module(modname)
          ^^^^^^^^^^^^^^^^^^^^^^^^^^^^^^^^
  File "/usr/lib/python3.12/importlib/__init__.py", line 90, in import_module
    return _bootstrap._gcd_import(name[level:], package, level)
           ^^^^^^^^^^^^^^^^^^^^^^^^^^^^^^^^^^^^^^^^^^^^^^^^^^^^
  File "<frozen importlib._bootstrap>", line 1387, in _gcd_import
  File "<frozen importlib._bootstrap>", line 1360, in _find_and_load
  File "<frozen importlib._bootstrap>", line 1331, in _find_and_load_unlocked
  File "<frozen importlib._bootstrap>", line 935, in _load_unlocked
  File "<frozen importlib._bootstrap_external>", line 995, in exec_module
  File "<frozen importlib._bootstrap>", line 488, in _call_with_frames_removed
  File "/home/lightning/eventyay-python-sdk/eventyay/__init__.py", line 12, in <module>
    from .async_client import AsyncEventyayClient
  File "/home/lightning/eventyay-python-sdk/eventyay/async_client.py", line 10, in <module>
    from .async_mixins import (
  File "/home/lightning/eventyay-python-sdk/eventyay/async_mixins.py", line 335, in <module>
    class AsyncSpeakersMixin:
  File "/home/lightning/eventyay-python-sdk/eventyay/async_mixins.py", line 338, in AsyncSpeakersMixin
    async def get_speaker(self, event_identifier: str, speaker_id: str) -> Speaker:
                                                                           ^^^^^^^
NameError: name 'Speaker' is not defined

----------------------------------------------------------------------
Ran 21 tests in 0.024s

FAILED (errors=8)
